Archive member included because of file (symbol)

h:/imt course/programme 6/01- imt sdk-20221108t163804z-001/01- imt sdk/imt_sdk_win_64/imt_sdk_win_64/winavr/bin/../lib/gcc/avr/4.3.3/avr5\libgcc.a(_divmodsi4.o)
                              ./LCD/LCD_program.o (__divmodsi4)
h:/imt course/programme 6/01- imt sdk-20221108t163804z-001/01- imt sdk/imt_sdk_win_64/imt_sdk_win_64/winavr/bin/../lib/gcc/avr/4.3.3/avr5\libgcc.a(_exit.o)
                              h:/imt course/programme 6/01- imt sdk-20221108t163804z-001/01- imt sdk/imt_sdk_win_64/imt_sdk_win_64/winavr/bin/../lib/gcc/avr/4.3.3/../../../../avr/lib/avr5/crtm32.o (exit)
h:/imt course/programme 6/01- imt sdk-20221108t163804z-001/01- imt sdk/imt_sdk_win_64/imt_sdk_win_64/winavr/bin/../lib/gcc/avr/4.3.3/avr5\libgcc.a(_udivmodsi4.o)
                              h:/imt course/programme 6/01- imt sdk-20221108t163804z-001/01- imt sdk/imt_sdk_win_64/imt_sdk_win_64/winavr/bin/../lib/gcc/avr/4.3.3/avr5\libgcc.a(_divmodsi4.o) (__udivmodsi4)

Memory Configuration

Name             Origin             Length             Attributes
text             0x00000000         0x00020000         xr
data             0x00800060         0x0000ffa0         rw !x
eeprom           0x00810000         0x00010000         rw !x
fuse             0x00820000         0x00000400         rw !x
lock             0x00830000         0x00000400         rw !x
signature        0x00840000         0x00000400         rw !x
*default*        0x00000000         0xffffffff

Linker script and memory map

LOAD h:/imt course/programme 6/01- imt sdk-20221108t163804z-001/01- imt sdk/imt_sdk_win_64/imt_sdk_win_64/winavr/bin/../lib/gcc/avr/4.3.3/../../../../avr/lib/avr5/crtm32.o
LOAD ./LCD/LCD_program.o
LOAD ./KEYPAD/KEYPAD_program.o
LOAD ./H_BRIDGE/H_BRIDGE_program.o
LOAD ./DIO/DIO_program.o
LOAD ./main.o
LOAD h:/imt course/programme 6/01- imt sdk-20221108t163804z-001/01- imt sdk/imt_sdk_win_64/imt_sdk_win_64/winavr/bin/../lib/gcc/avr/4.3.3/avr5\libgcc.a
LOAD h:/imt course/programme 6/01- imt sdk-20221108t163804z-001/01- imt sdk/imt_sdk_win_64/imt_sdk_win_64/winavr/bin/../lib/gcc/avr/4.3.3/../../../../avr/lib/avr5\libc.a
LOAD h:/imt course/programme 6/01- imt sdk-20221108t163804z-001/01- imt sdk/imt_sdk_win_64/imt_sdk_win_64/winavr/bin/../lib/gcc/avr/4.3.3/avr5\libgcc.a

.hash
 *(.hash)

.dynsym
 *(.dynsym)

.dynstr
 *(.dynstr)

.gnu.version
 *(.gnu.version)

.gnu.version_d
 *(.gnu.version_d)

.gnu.version_r
 *(.gnu.version_r)

.rel.init
 *(.rel.init)

.rela.init
 *(.rela.init)

.rel.text
 *(.rel.text)
 *(.rel.text.*)
 *(.rel.gnu.linkonce.t*)

.rela.text
 *(.rela.text)
 *(.rela.text.*)
 *(.rela.gnu.linkonce.t*)

.rel.fini
 *(.rel.fini)

.rela.fini
 *(.rela.fini)

.rel.rodata
 *(.rel.rodata)
 *(.rel.rodata.*)
 *(.rel.gnu.linkonce.r*)

.rela.rodata
 *(.rela.rodata)
 *(.rela.rodata.*)
 *(.rela.gnu.linkonce.r*)

.rel.data
 *(.rel.data)
 *(.rel.data.*)
 *(.rel.gnu.linkonce.d*)

.rela.data
 *(.rela.data)
 *(.rela.data.*)
 *(.rela.gnu.linkonce.d*)

.rel.ctors
 *(.rel.ctors)

.rela.ctors
 *(.rela.ctors)

.rel.dtors
 *(.rel.dtors)

.rela.dtors
 *(.rela.dtors)

.rel.got
 *(.rel.got)

.rela.got
 *(.rela.got)

.rel.bss
 *(.rel.bss)

.rela.bss
 *(.rela.bss)

.rel.plt
 *(.rel.plt)

.rela.plt
 *(.rela.plt)

.text           0x00000000      0x73a
 *(.vectors)
 .vectors       0x00000000       0x54 h:/imt course/programme 6/01- imt sdk-20221108t163804z-001/01- imt sdk/imt_sdk_win_64/imt_sdk_win_64/winavr/bin/../lib/gcc/avr/4.3.3/../../../../avr/lib/avr5/crtm32.o
                0x00000000                __vectors
                0x00000000                __vector_default
 *(.vectors)
 *(.progmem.gcc*)
 *(.progmem*)
                0x00000054                . = ALIGN (0x2)
                0x00000054                __trampolines_start = .
 *(.trampolines)
 .trampolines   0x00000054        0x0 linker stubs
 *(.trampolines*)
                0x00000054                __trampolines_end = .
 *(.jumptables)
 *(.jumptables*)
 *(.lowtext)
 *(.lowtext*)
                0x00000054                __ctors_start = .
 *(.ctors)
                0x00000054                __ctors_end = .
                0x00000054                __dtors_start = .
 *(.dtors)
                0x00000054                __dtors_end = .
 SORT(*)(.ctors)
 SORT(*)(.dtors)
 *(.init0)
 .init0         0x00000054        0x0 h:/imt course/programme 6/01- imt sdk-20221108t163804z-001/01- imt sdk/imt_sdk_win_64/imt_sdk_win_64/winavr/bin/../lib/gcc/avr/4.3.3/../../../../avr/lib/avr5/crtm32.o
                0x00000054                __init
 *(.init0)
 *(.init1)
 *(.init1)
 *(.init2)
 .init2         0x00000054        0xc h:/imt course/programme 6/01- imt sdk-20221108t163804z-001/01- imt sdk/imt_sdk_win_64/imt_sdk_win_64/winavr/bin/../lib/gcc/avr/4.3.3/../../../../avr/lib/avr5/crtm32.o
 *(.init2)
 *(.init3)
 *(.init3)
 *(.init4)
 *(.init4)
 *(.init5)
 *(.init5)
 *(.init6)
 *(.init6)
 *(.init7)
 *(.init7)
 *(.init8)
 *(.init8)
 *(.init9)
 .init9         0x00000060        0x8 h:/imt course/programme 6/01- imt sdk-20221108t163804z-001/01- imt sdk/imt_sdk_win_64/imt_sdk_win_64/winavr/bin/../lib/gcc/avr/4.3.3/../../../../avr/lib/avr5/crtm32.o
 *(.init9)
 *(.text)
 .text          0x00000068        0x4 h:/imt course/programme 6/01- imt sdk-20221108t163804z-001/01- imt sdk/imt_sdk_win_64/imt_sdk_win_64/winavr/bin/../lib/gcc/avr/4.3.3/../../../../avr/lib/avr5/crtm32.o
                0x00000068                __vector_1
                0x00000068                __vector_12
                0x00000068                __bad_interrupt
                0x00000068                __vector_6
                0x00000068                __vector_3
                0x00000068                __vector_11
                0x00000068                __vector_13
                0x00000068                __vector_17
                0x00000068                __vector_19
                0x00000068                __vector_7
                0x00000068                __vector_5
                0x00000068                __vector_4
                0x00000068                __vector_9
                0x00000068                __vector_2
                0x00000068                __vector_15
                0x00000068                __vector_8
                0x00000068                __vector_14
                0x00000068                __vector_10
                0x00000068                __vector_16
                0x00000068                __vector_18
                0x00000068                __vector_20
 .text          0x0000006c        0x0 ./LCD/LCD_program.o
 .text          0x0000006c        0x0 ./KEYPAD/KEYPAD_program.o
 .text          0x0000006c        0x0 ./H_BRIDGE/H_BRIDGE_program.o
 .text          0x0000006c        0x0 ./DIO/DIO_program.o
 .text          0x0000006c        0x0 ./main.o
 .text          0x0000006c        0x0 h:/imt course/programme 6/01- imt sdk-20221108t163804z-001/01- imt sdk/imt_sdk_win_64/imt_sdk_win_64/winavr/bin/../lib/gcc/avr/4.3.3/avr5\libgcc.a(_divmodsi4.o)
 .text          0x0000006c        0x0 h:/imt course/programme 6/01- imt sdk-20221108t163804z-001/01- imt sdk/imt_sdk_win_64/imt_sdk_win_64/winavr/bin/../lib/gcc/avr/4.3.3/avr5\libgcc.a(_exit.o)
 .text          0x0000006c        0x0 h:/imt course/programme 6/01- imt sdk-20221108t163804z-001/01- imt sdk/imt_sdk_win_64/imt_sdk_win_64/winavr/bin/../lib/gcc/avr/4.3.3/avr5\libgcc.a(_udivmodsi4.o)
                0x0000006c                . = ALIGN (0x2)
 *(.text.*)
 .text.LCD_SendChar
                0x0000006c       0x4c ./LCD/LCD_program.o
                0x0000006c                LCD_SendChar
 .text.LCD_DisplayCoustmeChar
                0x000000b8        0xa ./LCD/LCD_program.o
                0x000000b8                LCD_DisplayCoustmeChar
 .text.LCD_PrintNum
                0x000000c2       0xc8 ./LCD/LCD_program.o
                0x000000c2                LCD_PrintNum
 .text.LCD_PrintString
                0x0000018a       0x34 ./LCD/LCD_program.o
                0x0000018a                LCD_PrintString
 .text.LCD_SendCommand
                0x000001be       0x4c ./LCD/LCD_program.o
                0x000001be                LCD_SendCommand
 .text.LCD_SetCursorPosition
                0x0000020a       0x1a ./LCD/LCD_program.o
                0x0000020a                LCD_SetCursorPosition
 .text.LCD_SaveCustomChar
                0x00000224       0x42 ./LCD/LCD_program.o
                0x00000224                LCD_SaveCustomChar
 .text.LCD_CLR_DIS
                0x00000266        0x8 ./LCD/LCD_program.o
                0x00000266                LCD_CLR_DIS
 .text.LCD_Init
                0x0000026e       0x7a ./LCD/LCD_program.o
                0x0000026e                LCD_Init
 .text.KEYPAD_GetPressedKey
                0x000002e8       0xc4 ./KEYPAD/KEYPAD_program.o
                0x000002e8                KEYPAD_GetPressedKey
 .text.KEYPAD_Init
                0x000003ac       0x12 ./KEYPAD/KEYPAD_program.o
                0x000003ac                KEYPAD_Init
 .text.DIO_TogglePinValue
                0x000003be       0x6a ./DIO/DIO_program.o
                0x000003be                DIO_TogglePinValue
 .text.DIO_SetPinDirection
                0x00000428       0xe6 ./DIO/DIO_program.o
                0x00000428                DIO_SetPinDirection
 .text.DIO_SetPinValue
                0x0000050e       0xe6 ./DIO/DIO_program.o
                0x0000050e                DIO_SetPinValue
 .text.DIO_GetPinValue
                0x000005f4       0x40 ./DIO/DIO_program.o
                0x000005f4                DIO_GetPinValue
 .text.DIO_SetPortDirection
                0x00000634       0x22 ./DIO/DIO_program.o
                0x00000634                DIO_SetPortDirection
 .text.DIO_SetPortValue
                0x00000656       0x22 ./DIO/DIO_program.o
                0x00000656                DIO_SetPortValue
 .text.DIO_GetdPortValue
                0x00000678       0x24 ./DIO/DIO_program.o
                0x00000678                DIO_GetdPortValue
 .text.main     0x0000069c       0x20 ./main.o
                0x0000069c                main
 .text.libgcc   0x000006bc       0x36 h:/imt course/programme 6/01- imt sdk-20221108t163804z-001/01- imt sdk/imt_sdk_win_64/imt_sdk_win_64/winavr/bin/../lib/gcc/avr/4.3.3/avr5\libgcc.a(_divmodsi4.o)
                0x000006bc                __divmodsi4
 .text.libgcc   0x000006f2        0x0 h:/imt course/programme 6/01- imt sdk-20221108t163804z-001/01- imt sdk/imt_sdk_win_64/imt_sdk_win_64/winavr/bin/../lib/gcc/avr/4.3.3/avr5\libgcc.a(_exit.o)
 .text.libgcc   0x000006f2       0x44 h:/imt course/programme 6/01- imt sdk-20221108t163804z-001/01- imt sdk/imt_sdk_win_64/imt_sdk_win_64/winavr/bin/../lib/gcc/avr/4.3.3/avr5\libgcc.a(_udivmodsi4.o)
                0x000006f2                __udivmodsi4
                0x00000736                . = ALIGN (0x2)
 *(.fini9)
 .fini9         0x00000736        0x0 h:/imt course/programme 6/01- imt sdk-20221108t163804z-001/01- imt sdk/imt_sdk_win_64/imt_sdk_win_64/winavr/bin/../lib/gcc/avr/4.3.3/avr5\libgcc.a(_exit.o)
                0x00000736                exit
                0x00000736                _exit
 *(.fini9)
 *(.fini8)
 *(.fini8)
 *(.fini7)
 *(.fini7)
 *(.fini6)
 *(.fini6)
 *(.fini5)
 *(.fini5)
 *(.fini4)
 *(.fini4)
 *(.fini3)
 *(.fini3)
 *(.fini2)
 *(.fini2)
 *(.fini1)
 *(.fini1)
 *(.fini0)
 .fini0         0x00000736        0x4 h:/imt course/programme 6/01- imt sdk-20221108t163804z-001/01- imt sdk/imt_sdk_win_64/imt_sdk_win_64/winavr/bin/../lib/gcc/avr/4.3.3/avr5\libgcc.a(_exit.o)
 *(.fini0)
                0x0000073a                _etext = .

.data           0x00800060        0x0 load address 0x0000073a
                0x00800060                PROVIDE (__data_start, .)
 *(.data)
 .data          0x00800060        0x0 h:/imt course/programme 6/01- imt sdk-20221108t163804z-001/01- imt sdk/imt_sdk_win_64/imt_sdk_win_64/winavr/bin/../lib/gcc/avr/4.3.3/../../../../avr/lib/avr5/crtm32.o
 .data          0x00800060        0x0 ./LCD/LCD_program.o
 .data          0x00800060        0x0 ./KEYPAD/KEYPAD_program.o
 .data          0x00800060        0x0 ./H_BRIDGE/H_BRIDGE_program.o
 .data          0x00800060        0x0 ./DIO/DIO_program.o
 .data          0x00800060        0x0 ./main.o
 .data          0x00800060        0x0 h:/imt course/programme 6/01- imt sdk-20221108t163804z-001/01- imt sdk/imt_sdk_win_64/imt_sdk_win_64/winavr/bin/../lib/gcc/avr/4.3.3/avr5\libgcc.a(_divmodsi4.o)
 .data          0x00800060        0x0 h:/imt course/programme 6/01- imt sdk-20221108t163804z-001/01- imt sdk/imt_sdk_win_64/imt_sdk_win_64/winavr/bin/../lib/gcc/avr/4.3.3/avr5\libgcc.a(_exit.o)
 .data          0x00800060        0x0 h:/imt course/programme 6/01- imt sdk-20221108t163804z-001/01- imt sdk/imt_sdk_win_64/imt_sdk_win_64/winavr/bin/../lib/gcc/avr/4.3.3/avr5\libgcc.a(_udivmodsi4.o)
 *(.data*)
 *(.rodata)
 *(.rodata*)
 *(.gnu.linkonce.d*)
                0x00800060                . = ALIGN (0x2)
                0x00800060                _edata = .
                0x00800060                PROVIDE (__data_end, .)

.bss            0x00800060        0x0
                0x00800060                PROVIDE (__bss_start, .)
 *(.bss)
 .bss           0x00800060        0x0 h:/imt course/programme 6/01- imt sdk-20221108t163804z-001/01- imt sdk/imt_sdk_win_64/imt_sdk_win_64/winavr/bin/../lib/gcc/avr/4.3.3/../../../../avr/lib/avr5/crtm32.o
 .bss           0x00800060        0x0 ./LCD/LCD_program.o
 .bss           0x00800060        0x0 ./KEYPAD/KEYPAD_program.o
 .bss           0x00800060        0x0 ./H_BRIDGE/H_BRIDGE_program.o
 .bss           0x00800060        0x0 ./DIO/DIO_program.o
 .bss           0x00800060        0x0 ./main.o
 .bss           0x00800060        0x0 h:/imt course/programme 6/01- imt sdk-20221108t163804z-001/01- imt sdk/imt_sdk_win_64/imt_sdk_win_64/winavr/bin/../lib/gcc/avr/4.3.3/avr5\libgcc.a(_divmodsi4.o)
 .bss           0x00800060        0x0 h:/imt course/programme 6/01- imt sdk-20221108t163804z-001/01- imt sdk/imt_sdk_win_64/imt_sdk_win_64/winavr/bin/../lib/gcc/avr/4.3.3/avr5\libgcc.a(_exit.o)
 .bss           0x00800060        0x0 h:/imt course/programme 6/01- imt sdk-20221108t163804z-001/01- imt sdk/imt_sdk_win_64/imt_sdk_win_64/winavr/bin/../lib/gcc/avr/4.3.3/avr5\libgcc.a(_udivmodsi4.o)
 *(.bss*)
 *(COMMON)
                0x00800060                PROVIDE (__bss_end, .)
                0x0000073a                __data_load_start = LOADADDR (.data)
                0x0000073a                __data_load_end = (__data_load_start + SIZEOF (.data))

.noinit         0x00800060        0x0
                0x00800060                PROVIDE (__noinit_start, .)
 *(.noinit*)
                0x00800060                PROVIDE (__noinit_end, .)
                0x00800060                _end = .
                0x00800060                PROVIDE (__heap_start, .)

.eeprom         0x00810000        0x0
 *(.eeprom*)
                0x00810000                __eeprom_end = .

.fuse
 *(.fuse)
 *(.lfuse)
 *(.hfuse)
 *(.efuse)

.lock
 *(.lock*)

.signature
 *(.signature*)

.stab
 *(.stab)

.stabstr
 *(.stabstr)

.stab.excl
 *(.stab.excl)

.stab.exclstr
 *(.stab.exclstr)

.stab.index
 *(.stab.index)

.stab.indexstr
 *(.stab.indexstr)

.comment
 *(.comment)

.debug
 *(.debug)

.line
 *(.line)

.debug_srcinfo
 *(.debug_srcinfo)

.debug_sfnames
 *(.debug_sfnames)

.debug_aranges
 *(.debug_aranges)

.debug_pubnames
 *(.debug_pubnames)

.debug_info
 *(.debug_info)
 *(.gnu.linkonce.wi.*)

.debug_abbrev
 *(.debug_abbrev)

.debug_line
 *(.debug_line)

.debug_frame
 *(.debug_frame)

.debug_str
 *(.debug_str)

.debug_loc
 *(.debug_loc)

.debug_macinfo
 *(.debug_macinfo)
OUTPUT(SWITCHES.elf elf32-avr)
LOAD linker stubs
